Importing file test.zph...
{(X R Y) (R  ~   transitive ) (Y R Z)} => (X R Z)
>  ~   transitive 
 6  >  5 
 5  >  4 
 4  <  5 
 g   ..   h 
 h   ..   i 
 atom_A  =>  atom_B 
 atom_C  <=  atom_D 
(A  ??  B)  is_type   equivalence 
 special_atoms   list_contains  << =  =>>  = >
 solar system   is part of   milky way 
( earth   is part of   solar system )  is_truth   true 
 seq_compact   is_defined_as  <123>
 seq_spaced   is_defined_as  < seqItem1   seqItem2   seqItem3 >
 nested_set_in_seq   holds  <{ seqElem1   seqElem2 } { seqElem3   seqElem4 }>
 nested_seq_in_set   holds  {< setElem3   setElem4 > < setElem1   setElem2 >}
 container_test   stores  <( tim   ancestor   tom )  just_a_new_node  ( tom   ancestor   paul ) {(Y  ancestor  Z) (X  ancestor  Y)} => (X  ancestor  Z)>
 mixed_container   content  <( myCond  =>  myDeduct ) ( myDeduct2  <=  myCond2 ) { setElem5   setElem6 } ( literal string )>
_Variable  with_underscore  _V
 quoted_sequence   ~  <cba>
 deep_nesting   ~  ( Level1   ??   Level1Object )
 set_logic   ~  {( myItem1   IsA   myItem2 ) ( myItem2   IsA   myItem3 )}
 tim   ~   male 
 tim  _predicate _object
Answer:  tim   ~   human 
Answer:  tim   ~   male 
Answer:  tim   ancestor   tom 
((A  +  B)  =  C) => ( test  A B)
( 4   +   5 )  =   9 
( subj   pred  ( obj   is  ( subj2  A ( b   test  C)))) => ( success  A C)
 subj   pred  ( obj   is  ( subj2   a_val  ( b   test   c_val )))
{(C  followed-by  E) ((A  +  B)  =  C) (B  followed-by  D)} => ((A  +  D)  =  E)
(A  followed-by  B) => <1>  +  A  =  B
<0>  followed-by  <1>
(A  is   human ) => (B  nameof  A)
 tim   is   human 
 elem1  -->  elem2 
 elem2  -->  elem3 
 elem3  -->  elem4 
 elem4  -->  elem5 
 elem1   partoflist   mylist 
 elem2   partoflist   mylist 
 elem3   partoflist   mylist 
 elem4   partoflist   mylist 
 elem5   partoflist   mylist 
{ negation  (A  partoflist  L)} => (A  is last of  L)
{(A  subclassof  B) (A  instanceof  B)} =>  ! 
 gene   instanceof   geneclass 
 gene   subclassof   geneclass 
<zelph/node «Berlin» «is capital of» «Germany»>
 Germany   is located in   Europe 
<zelph/node {(X «is capital of» Y) (Y «is located in» Z)} => (X «is located in» Z)>
<zelph/node «Berlin»>
 Berlin   ~   town 
 ??   nameof   tim  ⇐  tim   is   human 
 success   a_val   c_val  ⇐  subj   pred  ( obj   is  ( subj2   a_val  ( b   test   c_val )))
 test   4   5  ⇐ ( 4   +   5 )  =   9 
<1>  +  <0>  =  <1> ⇐ <0>  followed-by  <1>
 Berlin   is located in   Europe  ⇐ {( Berlin   is capital of   Germany ) ( Germany   is located in   Europe )}
 tim   ancestor   paul  ⇐ {( tom   ancestor   paul ) ( tim   ancestor   tom )}
 elem5   is last of   mylist  ⇐ { negation  ( elem5   partoflist   mylist )}
 6  >  4  ⇐ {( 6  >  5 ) (>  ~   transitive ) ( 5  >  4 )}
 !  ⇐ {( gene   subclassof   geneclass ) ( gene   instanceof   geneclass )}
 test   test  <0> ⇐ <1>  +  <0>  =  <1>
 !  ⇐ {( gene   subclassof   geneclass ) ( gene   instanceof   geneclass )}
 !  ⇐ {( gene   subclassof   geneclass ) ( gene   instanceof   geneclass )}
Found one or more contradictions!
